(claim id (nu (t₁) (-> t₁ t₁)))
(claim compose (nu (t₇ t₈ t₄) (-> (-> t₇ t₈) (-> t₄ t₇) t₄ t₈)))
(the (nu (t₁₀) (-> t₁₀ t₁₀)) (lambda (x) x))
(the (nu (t₂₀) (-> t₂₀ t₂₀)) (lambda (x) x))
(the (nu (t₂₈ t₃₃) (-> (-> t₂₈ t₃₃) t₂₈ t₃₃)) (lambda (g x) (g x)))
(the (nu (t₅₂) (-> t₅₂ t₅₂)) (lambda (x) x))
(the (nu (t₇₇) (-> t₇₇ t₇₇)) (lambda (x) x))
