(claim id (nu (t₁) (-> t₁ t₁)))
(claim compose (nu (t₇ t₈ t₄) (-> (-> t₇ t₈) (-> t₄ t₇) t₄ t₈)))
(the (nu (t₆₈) (-> t₆₈ t₆₈)) (lambda (x) x))
(the (nu (t₁₃₆) (-> t₁₃₆ t₁₃₆)) (lambda (x) x))
(the (nu (t₁₄₆) (-> t₁₄₆ t₁₄₆)) (lambda (x) x))
